[
["la coruña", "a-coruna"],
["a coruña", "a-coruna"],
["alacant", "alicante-alacant"],
["alicante", "alicante-alacant"],
["castellon", "castellon-castello"],
["castello", "castellon-castello"],
["ciudad real", "ciudad-real"],
["Palma", "illes-balears"],
["baleares", "illes-balears"],
["la rioja", "la-rioja"],
["las palmas", "las-palmas"],
["santa cruz de tenerife", "santa-cruz-de-tenerife"],
["alava", "alava"],
["albacete", "albacete"],
["almeria", "almeria"],
["asturias", "asturias"],
["avila", "avila"],
["badajoz", "badajoz"],
["barcelona", "barcelona"],
["burgos", "burgos"],
["caceres", "caceres"],
["cadiz", "cadiz"],
["cantabria", "cantabria"],
["cordoba", "cordoba"],
["cuenca", "cuenca"],
["girona", "girona"],
["granada", "granada"],
["guadalajara", "guadalajara"],
["guipuzcoa", "guipuzcoa"],
["huelva", "huelva"],
["huesca", "huesca"],
["jaen", "jaen"],
["leon", "leon"],
["lleida", "lleida"],
["lugo", "lugo"],
["madrid", "madrid"],
["malaga", "malaga"],
["murcia", "murcia"],
["navarra", "navarra"],
["ourense", "ourense"],
["palencia", "palencia"],
["pontevedra", "pontevedra"],
["salamanca", "salamanca"],
["segovia", "segovia"],
["sevilla", "sevilla"],
["soria", "soria"],
["tarragona", "tarragona"],
["teruel", "teruel"],
["toledo", "toledo"],
["valladolid", "valladolid"],
["vizcaya", "vizcaya"],
["zamora", "zamora"],
["zaragoza", "zaragoza"],
["valencia", "valencia-valencia"]
]
